  Γû▓ Next.js 14.2.5
  - Environments: .env.local, .env

   Creating an optimized production build ...
 Γ£ô Compiled successfully
   Linting and checking validity of types ...
   Collecting page data ...
   Generating static pages (0/32) ...
   Generating static pages (8/32) 
   Generating static pages (16/32) 
node.exe :  Γ¿» 
useSearchParams() 
should be wrapped in 
a suspense boundary 
at page 
"/residential". Read 
more: https://nextjs.
org/docs/messages/mis
sing-suspense-with-cs
r-bailout
At C:\Program Files\n
odejs\npx.ps1:29 
char:3
+   & $NODE_EXE 
$NPX_CLI_JS $args
+   ~~~~~~~~~~~~~~~~~
~~~~~~~~~~~~
    + CategoryInfo   
           : NotSpe  
  cified: ( Γ¿» us   
 eSearchP...ith-c    
sr-bailout:Strin    
g) [], RemoteExc    
eption
    + FullyQualified 
   ErrorId : Native  
  CommandError
 
    at o (D:\Workspac
e\p12026\.next\server
\chunks\786.js:46:106
18)
    at c (D:\Workspac
e\p12026\.next\server
\chunks\786.js:46:215
68)
    at w (D:\Workspac
e\p12026\.next\server
\app\residential\page
.js:31:408)
    at nj (D:\Workspa
ce\p12026\node_module
s\next\dist\compiled\
next-server\app-page.
runtime.prod.js:12:46
251)
    at nM (D:\Workspa
ce\p12026\node_module
s\next\dist\compiled\
next-server\app-page.
runtime.prod.js:12:47
571)
    at nN (D:\Workspa
ce\p12026\node_module
s\next\dist\compiled\
next-server\app-page.
runtime.prod.js:12:64
546)
    at nI (D:\Workspa
ce\p12026\node_module
s\next\dist\compiled\
next-server\app-page.
runtime.prod.js:12:47
010)
    at nM (D:\Workspa
ce\p12026\node_module
s\next\dist\compiled\
next-server\app-page.
runtime.prod.js:12:47
717)
    at nM (D:\Workspa
ce\p12026\node_module
s\next\dist\compiled\
next-server\app-page.
runtime.prod.js:12:61
546)
    at nN (D:\Workspa
ce\p12026\node_module
s\next\dist\compiled\
next-server\app-page.
runtime.prod.js:12:64
546)

Error occurred 
prerendering page 
"/residential". Read 
more: https://nextjs.
org/docs/messages/pre
render-error

   Generating static pages (24/32) 
 Γ£ô Generating static pages (32/32)

> Export encountered 
errors on following 
paths:
	/residential/page: 
/residential
